LIB/uECC.c:217:19:uECC_vli_clear	0	static
LIB/uECC.c:227:26:uECC_vli_isZero	0	static
LIB/uECC.c:237:26:uECC_vli_testBit	0	static
LIB/uECC.c:253:25:uECC_vli_numBits	0	static
LIB/uECC.c:272:19:uECC_vli_set	0	static
LIB/uECC.c:281:20:uECC_vli_cmp_unsafe	0	static
LIB/uECC.c:325:19:uECC_vli_rshift1	0	static
LIB/uECC.c:340:26:uECC_vli_add	0	static
LIB/uECC.c:359:26:uECC_vli_sub	0	static
LIB/uECC.c:314:26:uECC_vli_cmp	48	static
LIB/uECC.c:545:19:uECC_vli_modAdd	16	static
LIB/curve-specific.inc:257:13:omega_mult_secp160r1	32	static
LIB/curve-specific.inc:215:13:vli_mmod_fast_secp160r1	64	static
LIB/curve-specific.inc:352:13:vli_mmod_fast_secp192r1	64	static
LIB/curve-specific.inc:629:13:vli_mmod_fast_secp224r1	64	static
LIB/curve-specific.inc:883:13:vli_mmod_fast_secp256r1	64	static
LIB/curve-specific.inc:1211:13:omega_mult_secp256k1	16	static
LIB/curve-specific.inc:1157:13:vli_mmod_fast_secp256k1	80	static
LIB/uECC.c:920:20:regularize_k	32	static
LIB/uECC.c:935:18:uECC_generate_random_int	48	static
LIB/uECC.c:1007:19:uECC_vli_nativeToBytes	0	static
LIB/uECC.c:1017:19:uECC_vli_bytesToNative	16	static
LIB/uECC.c:1221:13:bits2int	32	static
LIB/uECC.c:1376:13:HMAC_init	32	static
LIB/uECC.c:1388:13:HMAC_update	0	static
LIB/uECC.c:1394:13:HMAC_finish	16	static
LIB/uECC.c:1413:13:update_V	16	static
LIB/uECC.c:559:19:uECC_vli_modSub	32	static
LIB/uECC.c:686:13:vli_modInv_update	16	static
LIB/uECC.c:701:19:uECC_vli_modInv	48	static
LIB/uECC.c:421:19:uECC_vli_mult	16	static
LIB/uECC.c:617:19:uECC_vli_modMult	256	static
LIB/uECC.c:627:19:uECC_vli_modMult_fast	80	static
LIB/uECC.c:677:19:uECC_vli_modSquare_fast	0	static
LIB/curve-specific.inc:50:13:double_jacobian_default	96	static
LIB/curve-specific.inc:98:13:x_side_default	64	static
LIB/curve-specific.inc:113:13:mod_sqrt_default	96	static
LIB/curve-specific.inc:454:13:mod_sqrt_secp224r1_rs	80	static
LIB/curve-specific.inc:544:13:mod_sqrt_secp224r1	272	static
LIB/curve-specific.inc:1110:13:double_jacobian_secp256k1	96	static
LIB/curve-specific.inc:1149:13:x_side_secp256k1	16	static
LIB/uECC.c:762:13:apply_z	64	static
LIB/uECC.c:803:13:XYcZ_add	80	static
LIB/uECC.c:835:13:XYcZ_addC.constprop	128	static
LIB/uECC.c:873:13:EccPoint_mult	128	static
LIB/uECC.c:959:20:EccPoint_compute_public_key	112	static
LIB/uECC.c:1259:12:uECC_sign_with_k_internal	224	static
LIB/uECC.c:8:6:uECC_set_watchdog_cb	0	static
LIB/uECC.c:200:6:uECC_set_rng	0	static
LIB/uECC.c:204:19:uECC_get_rng	0	static
LIB/uECC.c:208:5:uECC_curve_private_key_size	0	static
LIB/uECC.c:212:5:uECC_curve_public_key_size	0	static
LIB/curve-specific.inc:169:12:uECC_secp160r1	0	static
LIB/curve-specific.inc:314:12:uECC_secp192r1	0	static
LIB/curve-specific.inc:449:12:uECC_secp224r1	0	static
LIB/curve-specific.inc:771:12:uECC_secp256r1	0	static
LIB/curve-specific.inc:1106:12:uECC_secp256k1	0	static
LIB/uECC.c:1031:5:uECC_make_key	128	static
LIB/uECC.c:1061:5:uECC_shared_secret	192	static
LIB/uECC.c:1107:6:uECC_compress	0	static
LIB/uECC.c:1119:6:uECC_decompress	96	static
LIB/uECC.c:1168:5:uECC_valid_public_key	192	static
LIB/uECC.c:1183:5:uECC_compute_public_key	112	static
LIB/uECC.c:1343:5:uECC_sign_with_k	64	static
LIB/uECC.c:1354:5:uECC_sign	80	static
LIB/uECC.c:1425:5:uECC_sign_deterministic	112	static
LIB/uECC.c:1502:5:uECC_verify	544	static
